// Jest Snapshot v1, https://goo.gl/fbAQLP

exports[`Cards with works data should render correctly 1`] = `
<div
  className="MuiContainer-root"
>
  <div
    style={
      Object {
        "paddingTop": "2vh",
      }
    }
  />
  <div
    className="MuiGrid-root MuiGrid-container MuiGrid-spacing-xs-2"
  >
    <div
      className="MuiGrid-root MuiGrid-item MuiGrid-grid-xs-12 MuiGrid-grid-sm-6 MuiGrid-grid-md-4"
    >
      <div
        className="MuiPaper-root MuiCard-root makeStyles-root-1 MuiPaper-outlined MuiPaper-rounded"
      >
        <div
          className="MuiCardContent-root"
        >
          <h1
            className="MuiTypography-root makeStyles-title-2 MuiTypography-h1"
          >
            Charles Erskine
          </h1>
          <p
            className="MuiTypography-root MuiTypography-body2 MuiTypography-colorTextSecondary"
          >
            British
             - 
            18th century
          </p>
          <img
            alt="Charles Erskine"
            className="makeStyles-image-4"
            src="https://nrs.harvard.edu/urn-3:HUAM:INV034167_dynmc"
          />
          <p
            className="MuiTypography-root MuiTypography-body2 MuiTypography-colorTextSecondary"
          >
            Mezzotint
          </p>
          <p
            className="MuiTypography-root MuiTypography-body2 MuiTypography-colorTextSecondary"
          >
            Harvard Art Museums/Fogg Museum, Gift of Belinda L. Randall from the collection of John Witt Randall
          </p>
        </div>
        <div
          className="MuiCardActions-root MuiCardActions-spacing"
        >
          <button
            className="MuiButtonBase-root MuiButton-root MuiButton-text MuiButton-textSizeSmall MuiButton-sizeSmall"
            disabled={false}
            onBlur={[Function]}
            onClick={[Function]}
            onDragLeave={[Function]}
            onFocus={[Function]}
            onKeyDown={[Function]}
            onKeyUp={[Function]}
            onMouseDown={[Function]}
            onMouseLeave={[Function]}
            onMouseUp={[Function]}
            onTouchEnd={[Function]}
            onTouchMove={[Function]}
            onTouchStart={[Function]}
            tabIndex={0}
            type="button"
          >
            <span
              className="MuiButton-label"
            >
              Learn More
            </span>
          </button>
        </div>
      </div>
    </div>
  </div>
  <div
    className="MuiGrid-root MuiGrid-container MuiGrid-justify-content-xs-center"
    style={
      Object {
        "marginBottom": "4vh",
        "marginTop": "2vh",
      }
    }
  >
    <nav
      aria-label="pagination navigation"
      className="MuiPagination-root"
    >
      <ul
        className="MuiPagination-ul"
      >
        <li>
          <button
            aria-label="Go to previous page"
            className="MuiButtonBase-root MuiPaginationItem-root MuiPaginationItem-page Mui-disabled Mui-disabled"
            disabled={true}
            onBlur={[Function]}
            onClick={[Function]}
            onDragLeave={[Function]}
            onFocus={[Function]}
            onKeyDown={[Function]}
            onKeyUp={[Function]}
            onMouseDown={[Function]}
            onMouseLeave={[Function]}
            onMouseUp={[Function]}
            onTouchEnd={[Function]}
            onTouchMove={[Function]}
            onTouchStart={[Function]}
            tabIndex={-1}
            type="button"
          >
            <svg
              aria-hidden={true}
              className="MuiSvgIcon-root MuiPaginationItem-icon"
              focusable="false"
              viewBox="0 0 24 24"
            >
              <path
                d="M15.41 7.41L14 6l-6 6 6 6 1.41-1.41L10.83 12z"
              />
            </svg>
          </button>
        </li>
        <li>
          <button
            aria-current="true"
            aria-label="page 1"
            className="MuiButtonBase-root MuiPaginationItem-root MuiPaginationItem-page Mui-selected"
            disabled={false}
            onBlur={[Function]}
            onClick={[Function]}
            onDragLeave={[Function]}
            onFocus={[Function]}
            onKeyDown={[Function]}
            onKeyUp={[Function]}
            onMouseDown={[Function]}
            onMouseLeave={[Function]}
            onMouseUp={[Function]}
            onTouchEnd={[Function]}
            onTouchMove={[Function]}
            onTouchStart={[Function]}
            tabIndex={0}
            type="button"
          >
            1
          </button>
        </li>
        <li>
          <button
            aria-label="Go to next page"
            className="MuiButtonBase-root MuiPaginationItem-root MuiPaginationItem-page Mui-disabled Mui-disabled"
            disabled={true}
            onBlur={[Function]}
            onClick={[Function]}
            onDragLeave={[Function]}
            onFocus={[Function]}
            onKeyDown={[Function]}
            onKeyUp={[Function]}
            onMouseDown={[Function]}
            onMouseLeave={[Function]}
            onMouseUp={[Function]}
            onTouchEnd={[Function]}
            onTouchMove={[Function]}
            onTouchStart={[Function]}
            tabIndex={-1}
            type="button"
          >
            <svg
              aria-hidden={true}
              className="MuiSvgIcon-root MuiPaginationItem-icon"
              focusable="false"
              viewBox="0 0 24 24"
            >
              <path
                d="M10 6L8.59 7.41 13.17 12l-4.58 4.59L10 18l6-6z"
              />
            </svg>
          </button>
        </li>
      </ul>
    </nav>
  </div>
</div>
`;
